Analysis & Synthesis report for Small8
Tue Nov 29 19:35:11 2016
Quartus II 64-Bit Version 13.1.0 Build 162 10/23/2013 SJ Web Edition


---------------------
; Table of Contents ;
---------------------
  1. Legal Notice
  2. Analysis & Synthesis Summary
  3. Analysis & Synthesis Settings
  4. Parallel Compilation
  5. Analysis & Synthesis Source Files Read
  6. Analysis & Synthesis Resource Usage Summary
  7. Analysis & Synthesis Resource Utilization by Entity
  8. Analysis & Synthesis RAM Summary
  9. Analysis & Synthesis IP Cores Summary
 10. State Machine - |top_level|controller:CONTROLLER|curr_state
 11. Logic Cells Representing Combinational Loops
 12. Registers Removed During Synthesis
 13. Removed Registers Triggering Further Register Optimizations
 14. General Register Statistics
 15. Inverted Register Statistics
 16. Multiplexer Restructuring Statistics (Restructuring Performed)
 17. Source assignments for ram0:RAM0|altsyncram:altsyncram_component|altsyncram_06u3:auto_generated|altsyncram_1jr2:altsyncram1
 18. Parameter Settings for User Entity Instance: datapath:DATAPATH|mux10_1:INT_DATABUS
 19. Parameter Settings for User Entity Instance: datapath:DATAPATH|ALU:ALU_COMPONENT
 20. Parameter Settings for User Entity Instance: ram0:RAM0|altsyncram:altsyncram_component
 21. altsyncram Parameter Settings by Entity Instance
 22. Port Connectivity Checks: "datapath:DATAPATH"
 23. In-System Memory Content Editor Settings
 24. Elapsed Time Per Partition
 25. Analysis & Synthesis Messages



----------------
; Legal Notice ;
----------------
Copyright (C) 1991-2013 Altera Corporation
Your use of Altera Corporation's design tools, logic functions 
and other software and tools, and its AMPP partner logic 
functions, and any output files from any of the foregoing 
(including device programming or simulation files), and any 
associated documentation or information are expressly subject 
to the terms and conditions of the Altera Program License 
Subscription Agreement, Altera MegaCore Function License 
Agreement, or other applicable license agreement, including, 
without limitation, that your use is for the sole purpose of 
programming logic devices manufactured by Altera and sold by 
Altera or its authorized distributors.  Please refer to the 
applicable agreement for further details.



+---------------------------------------------------------------------------------+
; Analysis & Synthesis Summary                                                    ;
+------------------------------------+--------------------------------------------+
; Analysis & Synthesis Status        ; Successful - Tue Nov 29 19:35:11 2016      ;
; Quartus II 64-Bit Version          ; 13.1.0 Build 162 10/23/2013 SJ Web Edition ;
; Revision Name                      ; Small8                                     ;
; Top-level Entity Name              ; top_level                                  ;
; Family                             ; Cyclone III                                ;
; Total logic elements               ; 251                                        ;
;     Total combinational functions  ; 225                                        ;
;     Dedicated logic registers      ; 143                                        ;
; Total registers                    ; 143                                        ;
; Total pins                         ; 40                                         ;
; Total virtual pins                 ; 0                                          ;
; Total memory bits                  ; 2,048                                      ;
; Embedded Multiplier 9-bit elements ; 0                                          ;
; Total PLLs                         ; 0                                          ;
+------------------------------------+--------------------------------------------+


+----------------------------------------------------------------------------------------------------------------------+
; Analysis & Synthesis Settings                                                                                        ;
+----------------------------------------------------------------------------+--------------------+--------------------+
; Option                                                                     ; Setting            ; Default Value      ;
+----------------------------------------------------------------------------+--------------------+--------------------+
; Device                                                                     ; EP3C16F484C6       ;                    ;
; Top-level entity name                                                      ; top_level          ; Small8             ;
; Family name                                                                ; Cyclone III        ; Cyclone IV GX      ;
; Use smart compilation                                                      ; Off                ; Off                ;
; Enable parallel Assembler and TimeQuest Timing Analyzer during compilation ; On                 ; On                 ;
; Enable compact report table                                                ; Off                ; Off                ;
; Restructure Multiplexers                                                   ; Auto               ; Auto               ;
; Create Debugging Nodes for IP Cores                                        ; Off                ; Off                ;
; Preserve fewer node names                                                  ; On                 ; On                 ;
; Disable OpenCore Plus hardware evaluation                                  ; Off                ; Off                ;
; Verilog Version                                                            ; Verilog_2001       ; Verilog_2001       ;
; VHDL Version                                                               ; VHDL_1993          ; VHDL_1993          ;
; State Machine Processing                                                   ; Auto               ; Auto               ;
; Safe State Machine                                                         ; Off                ; Off                ;
; Extract Verilog State Machines                                             ; On                 ; On                 ;
; Extract VHDL State Machines                                                ; On                 ; On                 ;
; Ignore Verilog initial constructs                                          ; Off                ; Off                ;
; Iteration limit for constant Verilog loops                                 ; 5000               ; 5000               ;
; Iteration limit for non-constant Verilog loops                             ; 250                ; 250                ;
; Add Pass-Through Logic to Inferred RAMs                                    ; On                 ; On                 ;
; Infer RAMs from Raw Logic                                                  ; On                 ; On                 ;
; Parallel Synthesis                                                         ; On                 ; On                 ;
; DSP Block Balancing                                                        ; Auto               ; Auto               ;
; NOT Gate Push-Back                                                         ; On                 ; On                 ;
; Power-Up Don't Care                                                        ; On                 ; On                 ;
; Remove Redundant Logic Cells                                               ; Off                ; Off                ;
; Remove Duplicate Registers                                                 ; On                 ; On                 ;
; Ignore CARRY Buffers                                                       ; Off                ; Off                ;
; Ignore CASCADE Buffers                                                     ; Off                ; Off                ;
; Ignore GLOBAL Buffers                                                      ; Off                ; Off                ;
; Ignore ROW GLOBAL Buffers                                                  ; Off                ; Off                ;
; Ignore LCELL Buffers                                                       ; Off                ; Off                ;
; Ignore SOFT Buffers                                                        ; On                 ; On                 ;
; Limit AHDL Integers to 32 Bits                                             ; Off                ; Off                ;
; Optimization Technique                                                     ; Balanced           ; Balanced           ;
; Carry Chain Length                                                         ; 70                 ; 70                 ;
; Auto Carry Chains                                                          ; On                 ; On                 ;
; Auto Open-Drain Pins                                                       ; On                 ; On                 ;
; Perform WYSIWYG Primitive Resynthesis                                      ; Off                ; Off                ;
; Auto ROM Replacement                                                       ; On                 ; On                 ;
; Auto RAM Replacement                                                       ; On                 ; On                 ;
; Auto DSP Block Replacement                                                 ; On                 ; On                 ;
; Auto Shift Register Replacement                                            ; Auto               ; Auto               ;
; Allow Shift Register Merging across Hierarchies                            ; Auto               ; Auto               ;
; Auto Clock Enable Replacement                                              ; On                 ; On                 ;
; Strict RAM Replacement                                                     ; Off                ; Off                ;
; Allow Synchronous Control Signals                                          ; On                 ; On                 ;
; Force Use of Synchronous Clear Signals                                     ; Off                ; Off                ;
; Auto RAM Block Balancing                                                   ; On                 ; On                 ;
; Auto RAM to Logic Cell Conversion                                          ; Off                ; Off                ;
; Auto Resource Sharing                                                      ; Off                ; Off                ;
; Allow Any RAM Size For Recognition                                         ; Off                ; Off                ;
; Allow Any ROM Size For Recognition                                         ; Off                ; Off                ;
; Allow Any Shift Register Size For Recognition                              ; Off                ; Off                ;
; Use LogicLock Constraints during Resource Balancing                        ; On                 ; On                 ;
; Ignore translate_off and synthesis_off directives                          ; Off                ; Off                ;
; Timing-Driven Synthesis                                                    ; On                 ; On                 ;
; Report Parameter Settings                                                  ; On                 ; On                 ;
; Report Source Assignments                                                  ; On                 ; On                 ;
; Report Connectivity Checks                                                 ; On                 ; On                 ;
; Ignore Maximum Fan-Out Assignments                                         ; Off                ; Off                ;
; Synchronization Register Chain Length                                      ; 2                  ; 2                  ;
; PowerPlay Power Optimization                                               ; Normal compilation ; Normal compilation ;
; HDL message level                                                          ; Level2             ; Level2             ;
; Suppress Register Optimization Related Messages                            ; Off                ; Off                ;
; Number of Removed Registers Reported in Synthesis Report                   ; 5000               ; 5000               ;
; Number of Swept Nodes Reported in Synthesis Report                         ; 5000               ; 5000               ;
; Number of Inverted Registers Reported in Synthesis Report                  ; 100                ; 100                ;
; Clock MUX Protection                                                       ; On                 ; On                 ;
; Auto Gated Clock Conversion                                                ; Off                ; Off                ;
; Block Design Naming                                                        ; Auto               ; Auto               ;
; SDC constraint protection                                                  ; Off                ; Off                ;
; Synthesis Effort                                                           ; Auto               ; Auto               ;
; Shift Register Replacement - Allow Asynchronous Clear Signal               ; On                 ; On                 ;
; Pre-Mapping Resynthesis Optimization                                       ; Off                ; Off                ;
; Analysis & Synthesis Message Level                                         ; Medium             ; Medium             ;
; Disable Register Merging Across Hierarchies                                ; Auto               ; Auto               ;
; Resource Aware Inference For Block RAM                                     ; On                 ; On                 ;
; Synthesis Seed                                                             ; 1                  ; 1                  ;
+----------------------------------------------------------------------------+--------------------+--------------------+


+------------------------------------------+
; Parallel Compilation                     ;
+----------------------------+-------------+
; Processors                 ; Number      ;
+----------------------------+-------------+
; Number detected on machine ; 8           ;
; Maximum allowed            ; 4           ;
;                            ;             ;
; Average used               ; 1.00        ;
; Maximum used               ; 1           ;
;                            ;             ;
; Usage by Processor         ; % Time Used ;
;     Processor 1            ; 100.0%      ;
;     Processors 2-8         ;   0.0%      ;
+----------------------------+-------------+


+------------------------------------------------------------------------------------------------------------------------------------------------------------------------------------------------+
; Analysis & Synthesis Source Files Read                                                                                                                                                         ;
+----------------------------------+-----------------+----------------------------------------+----------------------------------------------------------------------------------------+---------+
; File Name with User-Entered Path ; Used in Netlist ; File Type                              ; File Name with Absolute Path                                                           ; Library ;
+----------------------------------+-----------------+----------------------------------------+----------------------------------------------------------------------------------------+---------+
; reg8.vhd                         ; yes             ; User VHDL File                         ; C:/Users/Mitch/Classes/Fall 2016/EEL 4712_Digital Design/Small8/reg8.vhd               ;         ;
; tristate.vhd                     ; yes             ; User VHDL File                         ; C:/Users/Mitch/Classes/Fall 2016/EEL 4712_Digital Design/Small8/tristate.vhd           ;         ;
; decoder7seg.vhd                  ; yes             ; User VHDL File                         ; C:/Users/Mitch/Classes/Fall 2016/EEL 4712_Digital Design/Small8/decoder7seg.vhd        ;         ;
; reg.vhd                          ; yes             ; User VHDL File                         ; C:/Users/Mitch/Classes/Fall 2016/EEL 4712_Digital Design/Small8/reg.vhd                ;         ;
; controller.vhd                   ; yes             ; User VHDL File                         ; C:/Users/Mitch/Classes/Fall 2016/EEL 4712_Digital Design/Small8/controller.vhd         ;         ;
; datapath.vhd                     ; yes             ; User VHDL File                         ; C:/Users/Mitch/Classes/Fall 2016/EEL 4712_Digital Design/Small8/datapath.vhd           ;         ;
; mux4_1.vhd                       ; yes             ; User VHDL File                         ; C:/Users/Mitch/Classes/Fall 2016/EEL 4712_Digital Design/Small8/mux4_1.vhd             ;         ;
; mux10_1.vhd                      ; yes             ; User VHDL File                         ; C:/Users/Mitch/Classes/Fall 2016/EEL 4712_Digital Design/Small8/mux10_1.vhd            ;         ;
; alu.vhd                          ; yes             ; User VHDL File                         ; C:/Users/Mitch/Classes/Fall 2016/EEL 4712_Digital Design/Small8/alu.vhd                ;         ;
; mux3_1.vhd                       ; yes             ; User VHDL File                         ; C:/Users/Mitch/Classes/Fall 2016/EEL 4712_Digital Design/Small8/mux3_1.vhd             ;         ;
; counter.vhd                      ; yes             ; User VHDL File                         ; C:/Users/Mitch/Classes/Fall 2016/EEL 4712_Digital Design/Small8/counter.vhd            ;         ;
; add8to16.vhd                     ; yes             ; User VHDL File                         ; C:/Users/Mitch/Classes/Fall 2016/EEL 4712_Digital Design/Small8/add8to16.vhd           ;         ;
; mult.vhd                         ; yes             ; User VHDL File                         ; C:/Users/Mitch/Classes/Fall 2016/EEL 4712_Digital Design/Small8/mult.vhd               ;         ;
; ext_db_mux.vhd                   ; yes             ; User VHDL File                         ; C:/Users/Mitch/Classes/Fall 2016/EEL 4712_Digital Design/Small8/ext_db_mux.vhd         ;         ;
; ram0.vhd                         ; yes             ; User Wizard-Generated File             ; C:/Users/Mitch/Classes/Fall 2016/EEL 4712_Digital Design/Small8/ram0.vhd               ;         ;
; top_level.vhd                    ; yes             ; User VHDL File                         ; C:/Users/Mitch/Classes/Fall 2016/EEL 4712_Digital Design/Small8/top_level.vhd          ;         ;
; decoder.vhd                      ; yes             ; User VHDL File                         ; C:/Users/Mitch/Classes/Fall 2016/EEL 4712_Digital Design/Small8/decoder.vhd            ;         ;
; altsyncram.tdf                   ; yes             ; Megafunction                           ; c:/altera/13.1/quartus/libraries/megafunctions/altsyncram.tdf                          ;         ;
; stratix_ram_block.inc            ; yes             ; Megafunction                           ; c:/altera/13.1/quartus/libraries/megafunctions/stratix_ram_block.inc                   ;         ;
; lpm_mux.inc                      ; yes             ; Megafunction                           ; c:/altera/13.1/quartus/libraries/megafunctions/lpm_mux.inc                             ;         ;
; lpm_decode.inc                   ; yes             ; Megafunction                           ; c:/altera/13.1/quartus/libraries/megafunctions/lpm_decode.inc                          ;         ;
; aglobal131.inc                   ; yes             ; Megafunction                           ; c:/altera/13.1/quartus/libraries/megafunctions/aglobal131.inc                          ;         ;
; a_rdenreg.inc                    ; yes             ; Megafunction                           ; c:/altera/13.1/quartus/libraries/megafunctions/a_rdenreg.inc                           ;         ;
; altrom.inc                       ; yes             ; Megafunction                           ; c:/altera/13.1/quartus/libraries/megafunctions/altrom.inc                              ;         ;
; altram.inc                       ; yes             ; Megafunction                           ; c:/altera/13.1/quartus/libraries/megafunctions/altram.inc                              ;         ;
; altdpram.inc                     ; yes             ; Megafunction                           ; c:/altera/13.1/quartus/libraries/megafunctions/altdpram.inc                            ;         ;
; db/altsyncram_06u3.tdf           ; yes             ; Auto-Generated Megafunction            ; C:/Users/Mitch/Classes/Fall 2016/EEL 4712_Digital Design/Small8/db/altsyncram_06u3.tdf ;         ;
; db/altsyncram_1jr2.tdf           ; yes             ; Auto-Generated Megafunction            ; C:/Users/Mitch/Classes/Fall 2016/EEL 4712_Digital Design/Small8/db/altsyncram_1jr2.tdf ;         ;
; testcasea.mif                    ; yes             ; Auto-Found Memory Initialization File  ; C:/Users/Mitch/Classes/Fall 2016/EEL 4712_Digital Design/Small8/testcasea.mif          ;         ;
; sld_mod_ram_rom.vhd              ; yes             ; Encrypted Megafunction                 ; c:/altera/13.1/quartus/libraries/megafunctions/sld_mod_ram_rom.vhd                     ;         ;
; sld_rom_sr.vhd                   ; yes             ; Encrypted Megafunction                 ; c:/altera/13.1/quartus/libraries/megafunctions/sld_rom_sr.vhd                          ;         ;
; sld_hub.vhd                      ; yes             ; Encrypted Megafunction                 ; c:/altera/13.1/quartus/libraries/megafunctions/sld_hub.vhd                             ;         ;
; sld_jtag_hub.vhd                 ; yes             ; Encrypted Megafunction                 ; c:/altera/13.1/quartus/libraries/megafunctions/sld_jtag_hub.vhd                        ;         ;
+----------------------------------+-----------------+----------------------------------------+----------------------------------------------------------------------------------------+---------+


+------------------------------------------------------------------------+
; Analysis & Synthesis Resource Usage Summary                            ;
+---------------------------------------------+--------------------------+
; Resource                                    ; Usage                    ;
+---------------------------------------------+--------------------------+
; Estimated Total logic elements              ; 251                      ;
;                                             ;                          ;
; Total combinational functions               ; 225                      ;
; Logic element usage by number of LUT inputs ;                          ;
;     -- 4 input functions                    ; 108                      ;
;     -- 3 input functions                    ; 34                       ;
;     -- <=2 input functions                  ; 83                       ;
;                                             ;                          ;
; Logic elements by mode                      ;                          ;
;     -- normal mode                          ; 192                      ;
;     -- arithmetic mode                      ; 33                       ;
;                                             ;                          ;
; Total registers                             ; 143                      ;
;     -- Dedicated logic registers            ; 143                      ;
;     -- I/O registers                        ; 0                        ;
;                                             ;                          ;
; I/O pins                                    ; 40                       ;
; Total memory bits                           ; 2048                     ;
; Embedded Multiplier 9-bit elements          ; 0                        ;
; Maximum fan-out node                        ; altera_internal_jtag~TDO ;
; Maximum fan-out                             ; 146                      ;
; Total fan-out                               ; 1427                     ;
; Average fan-out                             ; 3.07                     ;
+---------------------------------------------+--------------------------+


+-------------------------------------------------------------------------------------------------------------------------------------------------------------------------------------------------------------------------------------------------------------------------------------------------------------------------------------------------------------------+
; Analysis & Synthesis Resource Utilization by Entity                                                                                                                                                                                                                                                                                                               ;
+---------------------------------------------------------------------+-------------------+--------------+-------------+--------------+---------+-----------+------+--------------+------------------------------------------------------------------------------------------------------------------------------------------------------------------+--------------+
; Compilation Hierarchy Node                                          ; LC Combinationals ; LC Registers ; Memory Bits ; DSP Elements ; DSP 9x9 ; DSP 18x18 ; Pins ; Virtual Pins ; Full Hierarchy Name                                                                                                                                              ; Library Name ;
+---------------------------------------------------------------------+-------------------+--------------+-------------+--------------+---------+-----------+------+--------------+------------------------------------------------------------------------------------------------------------------------------------------------------------------+--------------+
; |top_level                                                          ; 225 (1)           ; 143 (0)      ; 2048        ; 0            ; 0       ; 0         ; 40   ; 0            ; |top_level                                                                                                                                                       ; work         ;
;    |controller:CONTROLLER|                                          ; 7 (7)             ; 5 (5)        ; 0           ; 0            ; 0       ; 0         ; 0    ; 0            ; |top_level|controller:CONTROLLER                                                                                                                                 ; work         ;
;    |datapath:DATAPATH|                                              ; 24 (0)            ; 24 (0)       ; 0           ; 0            ; 0       ; 0         ; 0    ; 0            ; |top_level|datapath:DATAPATH                                                                                                                                     ; work         ;
;       |counter:PC_COUNTER|                                          ; 16 (16)           ; 16 (16)      ; 0           ; 0            ; 0       ; 0         ; 0    ; 0            ; |top_level|datapath:DATAPATH|counter:PC_COUNTER                                                                                                                  ; work         ;
;       |ext_db_mux:EXT_DATABUS|                                      ; 8 (8)             ; 0 (0)        ; 0           ; 0            ; 0       ; 0         ; 0    ; 0            ; |top_level|datapath:DATAPATH|ext_db_mux:EXT_DATABUS                                                                                                              ; work         ;
;       |reg8:I_REG|                                                  ; 0 (0)             ; 8 (8)        ; 0           ; 0            ; 0       ; 0         ; 0    ; 0            ; |top_level|datapath:DATAPATH|reg8:I_REG                                                                                                                          ; work         ;
;    |decoder7seg:U_LED_HI0|                                          ; 7 (7)             ; 0 (0)        ; 0           ; 0            ; 0       ; 0         ; 0    ; 0            ; |top_level|decoder7seg:U_LED_HI0                                                                                                                                 ; work         ;
;    |decoder7seg:U_LED_LO0|                                          ; 7 (7)             ; 0 (0)        ; 0           ; 0            ; 0       ; 0         ; 0    ; 0            ; |top_level|decoder7seg:U_LED_LO0                                                                                                                                 ; work         ;
;    |decoder:DECODER|                                                ; 5 (5)             ; 0 (0)        ; 0           ; 0            ; 0       ; 0         ; 0    ; 0            ; |top_level|decoder:DECODER                                                                                                                                       ; work         ;
;    |ram0:RAM0|                                                      ; 61 (0)            ; 34 (0)       ; 2048        ; 0            ; 0       ; 0         ; 0    ; 0            ; |top_level|ram0:RAM0                                                                                                                                             ; work         ;
;       |altsyncram:altsyncram_component|                             ; 61 (0)            ; 34 (0)       ; 2048        ; 0            ; 0       ; 0         ; 0    ; 0            ; |top_level|ram0:RAM0|altsyncram:altsyncram_component                                                                                                             ; work         ;
;          |altsyncram_06u3:auto_generated|                           ; 61 (0)            ; 34 (0)       ; 2048        ; 0            ; 0       ; 0         ; 0    ; 0            ; |top_level|ram0:RAM0|altsyncram:altsyncram_component|altsyncram_06u3:auto_generated                                                                              ; work         ;
;             |altsyncram_1jr2:altsyncram1|                           ; 0 (0)             ; 0 (0)        ; 2048        ; 0            ; 0       ; 0         ; 0    ; 0            ; |top_level|ram0:RAM0|altsyncram:altsyncram_component|altsyncram_06u3:auto_generated|altsyncram_1jr2:altsyncram1                                                  ; work         ;
;             |sld_mod_ram_rom:mgl_prim2|                             ; 61 (37)           ; 34 (25)      ; 0           ; 0            ; 0       ; 0         ; 0    ; 0            ; |top_level|ram0:RAM0|altsyncram:altsyncram_component|altsyncram_06u3:auto_generated|sld_mod_ram_rom:mgl_prim2                                                    ; work         ;
;                |sld_rom_sr:\ram_rom_logic_gen:name_gen:info_rom_sr| ; 24 (24)           ; 9 (9)        ; 0           ; 0            ; 0       ; 0         ; 0    ; 0            ; |top_level|ram0:RAM0|altsyncram:altsyncram_component|altsyncram_06u3:auto_generated|sld_mod_ram_rom:mgl_prim2|sld_rom_sr:\ram_rom_logic_gen:name_gen:info_rom_sr ; work         ;
;    |sld_hub:auto_hub|                                               ; 113 (1)           ; 80 (0)       ; 0           ; 0            ; 0       ; 0         ; 0    ; 0            ; |top_level|sld_hub:auto_hub                                                                                                                                      ; work         ;
;       |sld_jtag_hub:\jtag_hub_gen:sld_jtag_hub_inst|                ; 112 (75)          ; 80 (52)      ; 0           ; 0            ; 0       ; 0         ; 0    ; 0            ; |top_level|sld_hub:auto_hub|sld_jtag_hub:\jtag_hub_gen:sld_jtag_hub_inst                                                                                         ; work         ;
;          |sld_rom_sr:hub_info_reg|                                  ; 20 (20)           ; 9 (9)        ; 0           ; 0            ; 0       ; 0         ; 0    ; 0            ; |top_level|sld_hub:auto_hub|sld_jtag_hub:\jtag_hub_gen:sld_jtag_hub_inst|sld_rom_sr:hub_info_reg                                                                 ; work         ;
;          |sld_shadow_jsm:shadow_jsm|                                ; 17 (17)           ; 19 (19)      ; 0           ; 0            ; 0       ; 0         ; 0    ; 0            ; |top_level|sld_hub:auto_hub|sld_jtag_hub:\jtag_hub_gen:sld_jtag_hub_inst|sld_shadow_jsm:shadow_jsm                                                               ; work         ;
+---------------------------------------------------------------------+-------------------+--------------+-------------+--------------+---------+-----------+------+--------------+------------------------------------------------------------------------------------------------------------------------------------------------------------------+--------------+
Note: For table entries with two numbers listed, the numbers in parentheses indicate the number of resources of the given type used by the specific entity alone. The numbers listed outside of parentheses indicate the total resources of the given type used by the specific entity and all of its sub-entities in the hierarchy.


+----------------------------------------------------------------------------------------------------------------------------------------------------------------------------------------------------------------------------+
; Analysis & Synthesis RAM Summary                                                                                                                                                                                           ;
+-----------------------------------------------------------------------------------------------------------------+------+----------------+--------------+--------------+--------------+--------------+------+---------------+
; Name                                                                                                            ; Type ; Mode           ; Port A Depth ; Port A Width ; Port B Depth ; Port B Width ; Size ; MIF           ;
+-----------------------------------------------------------------------------------------------------------------+------+----------------+--------------+--------------+--------------+--------------+------+---------------+
; ram0:RAM0|altsyncram:altsyncram_component|altsyncram_06u3:auto_generated|altsyncram_1jr2:altsyncram1|ALTSYNCRAM ; AUTO ; True Dual Port ; 256          ; 8            ; 256          ; 8            ; 2048 ; TestCaseA.mif ;
+-----------------------------------------------------------------------------------------------------------------+------+----------------+--------------+--------------+--------------+--------------+------+---------------+


+-----------------------------------------------------------------------------------------------------------------------------------------------------------------+
; Analysis & Synthesis IP Cores Summary                                                                                                                           ;
+--------+--------------+---------+--------------+--------------+----------------------+--------------------------------------------------------------------------+
; Vendor ; IP Core Name ; Version ; Release Date ; License Type ; Entity Instance      ; IP Include File                                                          ;
+--------+--------------+---------+--------------+--------------+----------------------+--------------------------------------------------------------------------+
; Altera ; RAM: 1-PORT  ; 13.1    ; N/A          ; N/A          ; |top_level|ram0:RAM0 ; C:/Users/Mitch/Classes/Fall 2016/EEL 4712_Digital Design/Small8/ram0.vhd ;
+--------+--------------+---------+--------------+--------------+----------------------+--------------------------------------------------------------------------+


Encoding Type:  One-Hot
+-------------------------------------------------------------------------------------------------------------------------------------------------------------------------------------------------------------------------------------------------------------+
; State Machine - |top_level|controller:CONTROLLER|curr_state                                                                                                                                                                                                 ;
+---------------------+--------------------+---------------------+------------------+------------------+------------------+------------------+------------------+------------------+-----------------+-------------------+------------------+-----------------+
; Name                ; curr_state.POST_LD ; curr_state.LDAA_END ; curr_state.LDAA5 ; curr_state.LDAA4 ; curr_state.LDAA3 ; curr_state.LDAA2 ; curr_state.LDAA1 ; curr_state.LDAA0 ; curr_state.LDAI ; curr_state.decode ; curr_state.fetch ; curr_state.init ;
+---------------------+--------------------+---------------------+------------------+------------------+------------------+------------------+------------------+------------------+-----------------+-------------------+------------------+-----------------+
; curr_state.init     ; 0                  ; 0                   ; 0                ; 0                ; 0                ; 0                ; 0                ; 0                ; 0               ; 0                 ; 0                ; 0               ;
; curr_state.fetch    ; 0                  ; 0                   ; 0                ; 0                ; 0                ; 0                ; 0                ; 0                ; 0               ; 0                 ; 1                ; 1               ;
; curr_state.decode   ; 0                  ; 0                   ; 0                ; 0                ; 0                ; 0                ; 0                ; 0                ; 0               ; 1                 ; 0                ; 1               ;
; curr_state.LDAI     ; 0                  ; 0                   ; 0                ; 0                ; 0                ; 0                ; 0                ; 0                ; 1               ; 0                 ; 0                ; 1               ;
; curr_state.LDAA0    ; 0                  ; 0                   ; 0                ; 0                ; 0                ; 0                ; 0                ; 1                ; 0               ; 0                 ; 0                ; 1               ;
; curr_state.LDAA1    ; 0                  ; 0                   ; 0                ; 0                ; 0                ; 0                ; 1                ; 0                ; 0               ; 0                 ; 0                ; 1               ;
; curr_state.LDAA2    ; 0                  ; 0                   ; 0                ; 0                ; 0                ; 1                ; 0                ; 0                ; 0               ; 0                 ; 0                ; 1               ;
; curr_state.LDAA3    ; 0                  ; 0                   ; 0                ; 0                ; 1                ; 0                ; 0                ; 0                ; 0               ; 0                 ; 0                ; 1               ;
; curr_state.LDAA4    ; 0                  ; 0                   ; 0                ; 1                ; 0                ; 0                ; 0                ; 0                ; 0               ; 0                 ; 0                ; 1               ;
; curr_state.LDAA5    ; 0                  ; 0                   ; 1                ; 0                ; 0                ; 0                ; 0                ; 0                ; 0               ; 0                 ; 0                ; 1               ;
; curr_state.LDAA_END ; 0                  ; 1                   ; 0                ; 0                ; 0                ; 0                ; 0                ; 0                ; 0               ; 0                 ; 0                ; 1               ;
; curr_state.POST_LD  ; 1                  ; 0                   ; 0                ; 0                ; 0                ; 0                ; 0                ; 0                ; 0               ; 0                 ; 0                ; 1               ;
+---------------------+--------------------+---------------------+------------------+------------------+------------------+------------------+------------------+------------------+-----------------+-------------------+------------------+-----------------+


+------------------------------------------------------------+
; Logic Cells Representing Combinational Loops               ;
+--------------------------------------------------------+---+
; Logic Cell Name                                        ;   ;
+--------------------------------------------------------+---+
; datapath:DATAPATH|ext_db_mux:EXT_DATABUS|Mux3~0        ;   ;
; datapath:DATAPATH|ext_db_mux:EXT_DATABUS|Mux2~0        ;   ;
; datapath:DATAPATH|ext_db_mux:EXT_DATABUS|Mux1~0        ;   ;
; datapath:DATAPATH|ext_db_mux:EXT_DATABUS|Mux0~0        ;   ;
; datapath:DATAPATH|ext_db_mux:EXT_DATABUS|Mux7~0        ;   ;
; datapath:DATAPATH|ext_db_mux:EXT_DATABUS|Mux6~0        ;   ;
; datapath:DATAPATH|ext_db_mux:EXT_DATABUS|Mux5~0        ;   ;
; datapath:DATAPATH|ext_db_mux:EXT_DATABUS|Mux4~0        ;   ;
; Number of logic cells representing combinational loops ; 8 ;
+--------------------------------------------------------+---+
Note: All cells listed above may not be present at the end of synthesis due to various synthesis optimizations.


+---------------------------------------------------------------------------------------------------------------------------------------------------------------------------------+
; Registers Removed During Synthesis                                                                                                                                              ;
+-----------------------------------------------------------------------------------------------------------------------------------+---------------------------------------------+
; Register name                                                                                                                     ; Reason for Removal                          ;
+-----------------------------------------------------------------------------------------------------------------------------------+---------------------------------------------+
; datapath:DATAPATH|reg8:SPH_REG|output[0..7]                                                                                       ; Stuck at GND due to stuck port clock_enable ;
; datapath:DATAPATH|reg8:SPL_REG|output[0..7]                                                                                       ; Stuck at GND due to stuck port clock_enable ;
; datapath:DATAPATH|reg8:TEMP_REG|output[0..7]                                                                                      ; Lost fanout                                 ;
; datapath:DATAPATH|reg8:XL_REG|output[0..7]                                                                                        ; Lost fanout                                 ;
; datapath:DATAPATH|reg8:PCH_REG|output[0..7]                                                                                       ; Lost fanout                                 ;
; datapath:DATAPATH|reg8:PCL_REG|output[0..7]                                                                                       ; Lost fanout                                 ;
; datapath:DATAPATH|reg8:ARH_REG|output[0..7]                                                                                       ; Lost fanout                                 ;
; datapath:DATAPATH|reg8:ARL_REG|output[0..7]                                                                                       ; Lost fanout                                 ;
; datapath:DATAPATH|reg8:D_REG|output[0..7]                                                                                         ; Stuck at GND due to stuck port clock_enable ;
; datapath:DATAPATH|reg8:OUT1_REG|output[0..7]                                                                                      ; Stuck at GND due to stuck port clock_enable ;
; datapath:DATAPATH|reg8:PORT1_REG|output[0..7]                                                                                     ; Stuck at GND due to stuck port clock_enable ;
; datapath:DATAPATH|reg8:PORT0_REG|output[0..7]                                                                                     ; Stuck at GND due to stuck port clock_enable ;
; datapath:DATAPATH|reg8:IN_REG|output[0..7]                                                                                        ; Lost fanout                                 ;
; datapath:DATAPATH|reg8:ALU_REG|output[0..7]                                                                                       ; Lost fanout                                 ;
; datapath:DATAPATH|reg8:A_REG|output[0..7]                                                                                         ; Lost fanout                                 ;
; datapath:DATAPATH|mult:MULT|product_H[0]                                                                                          ; Lost fanout                                 ;
; datapath:DATAPATH|mult:MULT|product_L[0..7]                                                                                       ; Lost fanout                                 ;
; datapath:DATAPATH|mult:MULT|product_H[1..7]                                                                                       ; Lost fanout                                 ;
; datapath:DATAPATH|counter:X_COUNTER|temp[0..15]                                                                                   ; Lost fanout                                 ;
; datapath:DATAPATH|mult:MULT|D[0..7]                                                                                               ; Lost fanout                                 ;
; datapath:DATAPATH|mult:MULT|A[0..7]                                                                                               ; Lost fanout                                 ;
; controller:CONTROLLER|curr_state.LDAA0                                                                                            ; Lost fanout                                 ;
; controller:CONTROLLER|curr_state.LDAA1                                                                                            ; Lost fanout                                 ;
; controller:CONTROLLER|curr_state.LDAA2                                                                                            ; Lost fanout                                 ;
; controller:CONTROLLER|curr_state.LDAA3                                                                                            ; Lost fanout                                 ;
; controller:CONTROLLER|curr_state.LDAA4                                                                                            ; Lost fanout                                 ;
; controller:CONTROLLER|curr_state.LDAA5                                                                                            ; Lost fanout                                 ;
; controller:CONTROLLER|curr_state.LDAA_END                                                                                         ; Lost fanout                                 ;
; ram0:RAM0|altsyncram:altsyncram_component|altsyncram_06u3:auto_generated|sld_mod_ram_rom:mgl_prim2|ram_rom_data_shift_cntr_reg[3] ; Stuck at GND due to stuck port data_in      ;
; Total Number of Removed Registers = 176                                                                                           ;                                             ;
+-----------------------------------------------------------------------------------------------------------------------------------+---------------------------------------------+


+-------------------------------------------------------------------------------------------------------------------------------------------------+
; Removed Registers Triggering Further Register Optimizations                                                                                     ;
+------------------------------------------+--------------------------------+---------------------------------------------------------------------+
; Register name                            ; Reason for Removal             ; Registers Removed due to This Register                              ;
+------------------------------------------+--------------------------------+---------------------------------------------------------------------+
; datapath:DATAPATH|mult:MULT|product_H[0] ; Lost Fanouts                   ; datapath:DATAPATH|mult:MULT|D[7], datapath:DATAPATH|mult:MULT|A[7], ;
;                                          ;                                ; datapath:DATAPATH|mult:MULT|A[6], datapath:DATAPATH|mult:MULT|A[5], ;
;                                          ;                                ; datapath:DATAPATH|mult:MULT|A[4], datapath:DATAPATH|mult:MULT|A[3], ;
;                                          ;                                ; datapath:DATAPATH|mult:MULT|A[2], datapath:DATAPATH|mult:MULT|A[1], ;
;                                          ;                                ; datapath:DATAPATH|mult:MULT|A[0]                                    ;
; datapath:DATAPATH|reg8:SPH_REG|output[7] ; Stuck at GND                   ; datapath:DATAPATH|reg8:A_REG|output[7],                             ;
;                                          ; due to stuck port clock_enable ; datapath:DATAPATH|counter:X_COUNTER|temp[15],                       ;
;                                          ;                                ; datapath:DATAPATH|counter:X_COUNTER|temp[7]                         ;
; datapath:DATAPATH|reg8:SPH_REG|output[6] ; Stuck at GND                   ; datapath:DATAPATH|reg8:A_REG|output[6],                             ;
;                                          ; due to stuck port clock_enable ; datapath:DATAPATH|counter:X_COUNTER|temp[14],                       ;
;                                          ;                                ; datapath:DATAPATH|counter:X_COUNTER|temp[6]                         ;
; datapath:DATAPATH|reg8:SPH_REG|output[5] ; Stuck at GND                   ; datapath:DATAPATH|reg8:A_REG|output[5],                             ;
;                                          ; due to stuck port clock_enable ; datapath:DATAPATH|counter:X_COUNTER|temp[13],                       ;
;                                          ;                                ; datapath:DATAPATH|counter:X_COUNTER|temp[5]                         ;
; datapath:DATAPATH|reg8:SPH_REG|output[4] ; Stuck at GND                   ; datapath:DATAPATH|reg8:A_REG|output[4],                             ;
;                                          ; due to stuck port clock_enable ; datapath:DATAPATH|counter:X_COUNTER|temp[12],                       ;
;                                          ;                                ; datapath:DATAPATH|counter:X_COUNTER|temp[4]                         ;
; datapath:DATAPATH|reg8:SPH_REG|output[3] ; Stuck at GND                   ; datapath:DATAPATH|reg8:A_REG|output[3],                             ;
;                                          ; due to stuck port clock_enable ; datapath:DATAPATH|counter:X_COUNTER|temp[11],                       ;
;                                          ;                                ; datapath:DATAPATH|counter:X_COUNTER|temp[3]                         ;
; datapath:DATAPATH|reg8:SPH_REG|output[2] ; Stuck at GND                   ; datapath:DATAPATH|reg8:A_REG|output[2],                             ;
;                                          ; due to stuck port clock_enable ; datapath:DATAPATH|counter:X_COUNTER|temp[10],                       ;
;                                          ;                                ; datapath:DATAPATH|counter:X_COUNTER|temp[2]                         ;
; datapath:DATAPATH|reg8:SPH_REG|output[1] ; Stuck at GND                   ; datapath:DATAPATH|reg8:A_REG|output[1],                             ;
;                                          ; due to stuck port clock_enable ; datapath:DATAPATH|counter:X_COUNTER|temp[9],                        ;
;                                          ;                                ; datapath:DATAPATH|counter:X_COUNTER|temp[1]                         ;
; datapath:DATAPATH|reg8:SPH_REG|output[0] ; Stuck at GND                   ; datapath:DATAPATH|reg8:A_REG|output[0],                             ;
;                                          ; due to stuck port clock_enable ; datapath:DATAPATH|counter:X_COUNTER|temp[0],                        ;
;                                          ;                                ; datapath:DATAPATH|counter:X_COUNTER|temp[8]                         ;
+------------------------------------------+--------------------------------+---------------------------------------------------------------------+


+------------------------------------------------------+
; General Register Statistics                          ;
+----------------------------------------------+-------+
; Statistic                                    ; Value ;
+----------------------------------------------+-------+
; Total registers                              ; 143   ;
; Number of registers using Synchronous Clear  ; 17    ;
; Number of registers using Synchronous Load   ; 19    ;
; Number of registers using Asynchronous Clear ; 74    ;
; Number of registers using Asynchronous Load  ; 0     ;
; Number of registers using Clock Enable       ; 106   ;
; Number of registers using Preset             ; 0     ;
+----------------------------------------------+-------+


+----------------------------------------------------------------------------------------+
; Inverted Register Statistics                                                           ;
+------------------------------------------------------------------------------+---------+
; Inverted Register                                                            ; Fan out ;
+------------------------------------------------------------------------------+---------+
; sld_hub:auto_hub|sld_jtag_hub:\jtag_hub_gen:sld_jtag_hub_inst|tdo            ; 1       ;
; sld_hub:auto_hub|sld_jtag_hub:\jtag_hub_gen:sld_jtag_hub_inst|jtag_ir_reg[2] ; 2       ;
; sld_hub:auto_hub|sld_jtag_hub:\jtag_hub_gen:sld_jtag_hub_inst|jtag_ir_reg[1] ; 3       ;
; Total number of inverted registers = 3                                       ;         ;
+------------------------------------------------------------------------------+---------+


+------------------------------------------------------------------------------------------------------------------------------------------------------------------------------------------------------------------------------------------------------------------------------------------------+
; Multiplexer Restructuring Statistics (Restructuring Performed)                                                                                                                                                                                                                                 ;
+--------------------+-----------+---------------+----------------------+------------------------+------------+----------------------------------------------------------------------------------------------------------------------------------------------------------------------------------+
; Multiplexer Inputs ; Bus Width ; Baseline Area ; Area if Restructured ; Saving if Restructured ; Registered ; Example Multiplexer Output                                                                                                                                                       ;
+--------------------+-----------+---------------+----------------------+------------------------+------------+----------------------------------------------------------------------------------------------------------------------------------------------------------------------------------+
; 3:1                ; 4 bits    ; 8 LEs         ; 4 LEs                ; 4 LEs                  ; Yes        ; |top_level|ram0:RAM0|altsyncram:altsyncram_component|altsyncram_06u3:auto_generated|sld_mod_ram_rom:mgl_prim2|ram_rom_data_shift_cntr_reg[1]                                     ;
; 3:1                ; 8 bits    ; 16 LEs        ; 8 LEs                ; 8 LEs                  ; Yes        ; |top_level|ram0:RAM0|altsyncram:altsyncram_component|altsyncram_06u3:auto_generated|sld_mod_ram_rom:mgl_prim2|ram_rom_data_reg[0]                                                ;
; 3:1                ; 8 bits    ; 16 LEs        ; 8 LEs                ; 8 LEs                  ; Yes        ; |top_level|ram0:RAM0|altsyncram:altsyncram_component|altsyncram_06u3:auto_generated|sld_mod_ram_rom:mgl_prim2|ram_rom_addr_reg[7]                                                ;
; 5:1                ; 5 bits    ; 15 LEs        ; 5 LEs                ; 10 LEs                 ; Yes        ; |top_level|ram0:RAM0|altsyncram:altsyncram_component|altsyncram_06u3:auto_generated|sld_mod_ram_rom:mgl_prim2|sld_rom_sr:\ram_rom_logic_gen:name_gen:info_rom_sr|word_counter[0] ;
; 24:1               ; 4 bits    ; 64 LEs        ; 52 LEs               ; 12 LEs                 ; Yes        ; |top_level|ram0:RAM0|altsyncram:altsyncram_component|altsyncram_06u3:auto_generated|sld_mod_ram_rom:mgl_prim2|sld_rom_sr:\ram_rom_logic_gen:name_gen:info_rom_sr|WORD_SR[1]      ;
; 4:1                ; 8 bits    ; 16 LEs        ; 16 LEs               ; 0 LEs                  ; No         ; |top_level|datapath:DATAPATH|ext_db_mux:EXT_DATABUS|Mux3                                                                                                                         ;
; 256:1              ; 9 bits    ; 1530 LEs      ; 18 LEs               ; 1512 LEs               ; No         ; |top_level|controller:CONTROLLER|Mux2                                                                                                                                            ;
+--------------------+-----------+---------------+----------------------+------------------------+------------+----------------------------------------------------------------------------------------------------------------------------------------------------------------------------------+


+-----------------------------------------------------------------------------------------------------------------------------+
; Source assignments for ram0:RAM0|altsyncram:altsyncram_component|altsyncram_06u3:auto_generated|altsyncram_1jr2:altsyncram1 ;
+---------------------------------+--------------------+------+---------------------------------------------------------------+
; Assignment                      ; Value              ; From ; To                                                            ;
+---------------------------------+--------------------+------+---------------------------------------------------------------+
; OPTIMIZE_POWER_DURING_SYNTHESIS ; NORMAL_COMPILATION ; -    ; -                                                             ;
+---------------------------------+--------------------+------+---------------------------------------------------------------+


+------------------------------------------------------------------------------------+
; Parameter Settings for User Entity Instance: datapath:DATAPATH|mux10_1:INT_DATABUS ;
+----------------+-------+-----------------------------------------------------------+
; Parameter Name ; Value ; Type                                                      ;
+----------------+-------+-----------------------------------------------------------+
; width          ; 8     ; Signed Integer                                            ;
+----------------+-------+-----------------------------------------------------------+
Note: In order to hide this table in the UI and the text report file, please set the "Show Parameter Settings in Synthesis Report" option in "Analysis and Synthesis Settings -> More Settings" to "Off".


+----------------------------------------------------------------------------------+
; Parameter Settings for User Entity Instance: datapath:DATAPATH|ALU:ALU_COMPONENT ;
+----------------+-------+---------------------------------------------------------+
; Parameter Name ; Value ; Type                                                    ;
+----------------+-------+---------------------------------------------------------+
; width          ; 8     ; Signed Integer                                          ;
+----------------+-------+---------------------------------------------------------+
Note: In order to hide this table in the UI and the text report file, please set the "Show Parameter Settings in Synthesis Report" option in "Analysis and Synthesis Settings -> More Settings" to "Off".


+----------------------------------------------------------------------------------------+
; Parameter Settings for User Entity Instance: ram0:RAM0|altsyncram:altsyncram_component ;
+------------------------------------+----------------------+----------------------------+
; Parameter Name                     ; Value                ; Type                       ;
+------------------------------------+----------------------+----------------------------+
; BYTE_SIZE_BLOCK                    ; 8                    ; Untyped                    ;
; AUTO_CARRY_CHAINS                  ; ON                   ; AUTO_CARRY                 ;
; IGNORE_CARRY_BUFFERS               ; OFF                  ; IGNORE_CARRY               ;
; AUTO_CASCADE_CHAINS                ; ON                   ; AUTO_CASCADE               ;
; IGNORE_CASCADE_BUFFERS             ; OFF                  ; IGNORE_CASCADE             ;
; WIDTH_BYTEENA                      ; 1                    ; Untyped                    ;
; OPERATION_MODE                     ; SINGLE_PORT          ; Untyped                    ;
; WIDTH_A                            ; 8                    ; Signed Integer             ;
; WIDTHAD_A                          ; 8                    ; Signed Integer             ;
; NUMWORDS_A                         ; 256                  ; Signed Integer             ;
; OUTDATA_REG_A                      ; CLOCK0               ; Untyped                    ;
; ADDRESS_ACLR_A                     ; NONE                 ; Untyped                    ;
; OUTDATA_ACLR_A                     ; NONE                 ; Untyped                    ;
; WRCONTROL_ACLR_A                   ; NONE                 ; Untyped                    ;
; INDATA_ACLR_A                      ; NONE                 ; Untyped                    ;
; BYTEENA_ACLR_A                     ; NONE                 ; Untyped                    ;
; WIDTH_B                            ; 1                    ; Signed Integer             ;
; WIDTHAD_B                          ; 1                    ; Signed Integer             ;
; NUMWORDS_B                         ; 0                    ; Signed Integer             ;
; INDATA_REG_B                       ; CLOCK1               ; Untyped                    ;
; WRCONTROL_WRADDRESS_REG_B          ; CLOCK1               ; Untyped                    ;
; RDCONTROL_REG_B                    ; CLOCK1               ; Untyped                    ;
; ADDRESS_REG_B                      ; CLOCK1               ; Untyped                    ;
; OUTDATA_REG_B                      ; UNREGISTERED         ; Untyped                    ;
; BYTEENA_REG_B                      ; CLOCK1               ; Untyped                    ;
; INDATA_ACLR_B                      ; NONE                 ; Untyped                    ;
; WRCONTROL_ACLR_B                   ; NONE                 ; Untyped                    ;
; ADDRESS_ACLR_B                     ; NONE                 ; Untyped                    ;
; OUTDATA_ACLR_B                     ; NONE                 ; Untyped                    ;
; RDCONTROL_ACLR_B                   ; NONE                 ; Untyped                    ;
; BYTEENA_ACLR_B                     ; NONE                 ; Untyped                    ;
; WIDTH_BYTEENA_A                    ; 1                    ; Signed Integer             ;
; WIDTH_BYTEENA_B                    ; 1                    ; Signed Integer             ;
; RAM_BLOCK_TYPE                     ; AUTO                 ; Untyped                    ;
; BYTE_SIZE                          ; 8                    ; Signed Integer             ;
; READ_DURING_WRITE_MODE_MIXED_PORTS ; DONT_CARE            ; Untyped                    ;
; READ_DURING_WRITE_MODE_PORT_A      ; NEW_DATA_NO_NBE_READ ; Untyped                    ;
; READ_DURING_WRITE_MODE_PORT_B      ; NEW_DATA_NO_NBE_READ ; Untyped                    ;
; INIT_FILE                          ; TestCaseA.mif        ; Untyped                    ;
; INIT_FILE_LAYOUT                   ; PORT_A               ; Untyped                    ;
; MAXIMUM_DEPTH                      ; 0                    ; Signed Integer             ;
; CLOCK_ENABLE_INPUT_A               ; BYPASS               ; Untyped                    ;
; CLOCK_ENABLE_INPUT_B               ; NORMAL               ; Untyped                    ;
; CLOCK_ENABLE_OUTPUT_A              ; BYPASS               ; Untyped                    ;
; CLOCK_ENABLE_OUTPUT_B              ; NORMAL               ; Untyped                    ;
; CLOCK_ENABLE_CORE_A                ; USE_INPUT_CLKEN      ; Untyped                    ;
; CLOCK_ENABLE_CORE_B                ; USE_INPUT_CLKEN      ; Untyped                    ;
; ENABLE_ECC                         ; FALSE                ; Untyped                    ;
; ECC_PIPELINE_STAGE_ENABLED         ; FALSE                ; Untyped                    ;
; WIDTH_ECCSTATUS                    ; 3                    ; Signed Integer             ;
; DEVICE_FAMILY                      ; Cyclone III          ; Untyped                    ;
; CBXI_PARAMETER                     ; altsyncram_06u3      ; Untyped                    ;
+------------------------------------+----------------------+----------------------------+
Note: In order to hide this table in the UI and the text report file, please set the "Show Parameter Settings in Synthesis Report" option in "Analysis and Synthesis Settings -> More Settings" to "Off".


+---------------------------------------------------------------------------------------+
; altsyncram Parameter Settings by Entity Instance                                      ;
+-------------------------------------------+-------------------------------------------+
; Name                                      ; Value                                     ;
+-------------------------------------------+-------------------------------------------+
; Number of entity instances                ; 1                                         ;
; Entity Instance                           ; ram0:RAM0|altsyncram:altsyncram_component ;
;     -- OPERATION_MODE                     ; SINGLE_PORT                               ;
;     -- WIDTH_A                            ; 8                                         ;
;     -- NUMWORDS_A                         ; 256                                       ;
;     -- OUTDATA_REG_A                      ; CLOCK0                                    ;
;     -- WIDTH_B                            ; 1                                         ;
;     -- NUMWORDS_B                         ; 0                                         ;
;     -- ADDRESS_REG_B                      ; CLOCK1                                    ;
;     -- OUTDATA_REG_B                      ; UNREGISTERED                              ;
;     -- RAM_BLOCK_TYPE                     ; AUTO                                      ;
;     -- READ_DURING_WRITE_MODE_MIXED_PORTS ; DONT_CARE                                 ;
+-------------------------------------------+-------------------------------------------+


+--------------------------------------------------------------------------------------------------------------------+
; Port Connectivity Checks: "datapath:DATAPATH"                                                                      ;
+----------+--------+----------+-------------------------------------------------------------------------------------+
; Port     ; Type   ; Severity ; Details                                                                             ;
+----------+--------+----------+-------------------------------------------------------------------------------------+
; port1_ld ; Input  ; Info     ; Stuck at GND                                                                        ;
; port0_ld ; Input  ; Info     ; Stuck at GND                                                                        ;
; port1_in ; Input  ; Info     ; Stuck at GND                                                                        ;
; port0_in ; Input  ; Info     ; Stuck at GND                                                                        ;
; out0     ; Output ; Info     ; Connected to dangling logic. Logic that only feeds a dangling port will be removed. ;
+----------+--------+----------+-------------------------------------------------------------------------------------+


+--------------------------------------------------------------------------------------------------------------------------------------+
; In-System Memory Content Editor Settings                                                                                             ;
+----------------+-------------+-------+-------+------------+--------------------------------------------------------------------------+
; Instance Index ; Instance ID ; Width ; Depth ; Mode       ; Hierarchy Location                                                       ;
+----------------+-------------+-------+-------+------------+--------------------------------------------------------------------------+
; 0              ; RAM0        ; 8     ; 256   ; Read/Write ; ram0:RAM0|altsyncram:altsyncram_component|altsyncram_06u3:auto_generated ;
+----------------+-------------+-------+-------+------------+--------------------------------------------------------------------------+


+-------------------------------+
; Elapsed Time Per Partition    ;
+----------------+--------------+
; Partition Name ; Elapsed Time ;
+----------------+--------------+
; Top            ; 00:00:01     ;
+----------------+--------------+


+-------------------------------+
; Analysis & Synthesis Messages ;
+-------------------------------+
Info: *******************************************************************
Info: Running Quartus II 64-Bit Analysis & Synthesis
    Info: Version 13.1.0 Build 162 10/23/2013 SJ Web Edition
    Info: Processing started: Tue Nov 29 19:35:06 2016
Info: Command: quartus_map --read_settings_files=on --write_settings_files=off Small8 -c Small8
Info (11104): Parallel Compilation has detected 8 hyper-threaded processors. However, the extra hyper-threaded processors will not be used by default. Parallel Compilation will use 4 of the 4 physical processors detected instead.
Info (12021): Found 2 design units, including 1 entities, in source file reg8.vhd
    Info (12022): Found design unit 1: reg8-bhv
    Info (12023): Found entity 1: reg8
Info (12021): Found 2 design units, including 1 entities, in source file reg8_tb.vhd
    Info (12022): Found design unit 1: reg8_tb-TB
    Info (12023): Found entity 1: reg8_tb
Info (12021): Found 2 design units, including 1 entities, in source file reg8_tristate.vhd
    Info (12022): Found design unit 1: reg8tristate-bhv
    Info (12023): Found entity 1: reg8tristate
Info (12021): Found 2 design units, including 1 entities, in source file reg8_tristate_tb.vhd
    Info (12022): Found design unit 1: reg8tristate_tb-TB
    Info (12023): Found entity 1: reg8tristate_tb
Info (12021): Found 2 design units, including 1 entities, in source file tristate.vhd
    Info (12022): Found design unit 1: tristate-bhv
    Info (12023): Found entity 1: tristate
Info (12021): Found 2 design units, including 1 entities, in source file tristate_tb.vhd
    Info (12022): Found design unit 1: tristate_tb-TB
    Info (12023): Found entity 1: tristate_tb
Info (12021): Found 2 design units, including 1 entities, in source file decoder7seg.vhd
    Info (12022): Found design unit 1: decoder7seg-BHV
    Info (12023): Found entity 1: decoder7seg
Info (12021): Found 2 design units, including 1 entities, in source file decoder7seg_tb.vhd
    Info (12022): Found design unit 1: decoder7seg_tb-behavior
    Info (12023): Found entity 1: decoder7seg_tb
Info (12021): Found 2 design units, including 1 entities, in source file reg.vhd
    Info (12022): Found design unit 1: reg-BHV
    Info (12023): Found entity 1: reg
Info (12021): Found 2 design units, including 1 entities, in source file controller.vhd
    Info (12022): Found design unit 1: controller-str
    Info (12023): Found entity 1: controller
Info (12021): Found 2 design units, including 1 entities, in source file datapath.vhd
    Info (12022): Found design unit 1: datapath-str
    Info (12023): Found entity 1: datapath
Info (12021): Found 2 design units, including 1 entities, in source file mux4_1.vhd
    Info (12022): Found design unit 1: mux4_1-BHV
    Info (12023): Found entity 1: mux4_1
Info (12021): Found 2 design units, including 1 entities, in source file mux10_1.vhd
    Info (12022): Found design unit 1: mux10_1-bhv
    Info (12023): Found entity 1: mux10_1
Info (12021): Found 2 design units, including 1 entities, in source file alu.vhd
    Info (12022): Found design unit 1: ALU-bhv
    Info (12023): Found entity 1: ALU
Info (12021): Found 2 design units, including 1 entities, in source file datapath_tb.vhd
    Info (12022): Found design unit 1: datapath_tb-tb
    Info (12023): Found entity 1: datapath_tb
Info (12021): Found 2 design units, including 1 entities, in source file mux3_1.vhd
    Info (12022): Found design unit 1: mux3_1-bhv
    Info (12023): Found entity 1: mux3_1
Info (12021): Found 2 design units, including 1 entities, in source file counter.vhd
    Info (12022): Found design unit 1: counter-bhv
    Info (12023): Found entity 1: counter
Info (12021): Found 2 design units, including 1 entities, in source file add8to16.vhd
    Info (12022): Found design unit 1: add8to16-bhv
    Info (12023): Found entity 1: add8to16
Info (12021): Found 2 design units, including 1 entities, in source file mult.vhd
    Info (12022): Found design unit 1: mult-bhv
    Info (12023): Found entity 1: mult
Info (12021): Found 2 design units, including 1 entities, in source file ext_db_mux.vhd
    Info (12022): Found design unit 1: ext_db_mux-bhv
    Info (12023): Found entity 1: ext_db_mux
Info (12021): Found 2 design units, including 1 entities, in source file ram0.vhd
    Info (12022): Found design unit 1: ram0-SYN
    Info (12023): Found entity 1: ram0
Info (12021): Found 2 design units, including 1 entities, in source file top_level.vhd
    Info (12022): Found design unit 1: top_level-str
    Info (12023): Found entity 1: top_level
Info (12021): Found 2 design units, including 1 entities, in source file decoder.vhd
    Info (12022): Found design unit 1: decoder-bhv
    Info (12023): Found entity 1: decoder
Info (12021): Found 2 design units, including 1 entities, in source file top_level_tb.vhd
    Info (12022): Found design unit 1: top_level_tb-tb
    Info (12023): Found entity 1: top_level_tb
Info (12127): Elaborating entity "top_level" for the top level hierarchy
Warning (10036): Verilog HDL or VHDL warning at top_level.vhd(46): object "OUT0" assigned a value but never read
Info (12128): Elaborating entity "controller" for hierarchy "controller:CONTROLLER"
Info (12128): Elaborating entity "datapath" for hierarchy "datapath:DATAPATH"
Info (12128): Elaborating entity "reg8" for hierarchy "datapath:DATAPATH|reg8:IN_REG"
Info (12128): Elaborating entity "mux10_1" for hierarchy "datapath:DATAPATH|mux10_1:INT_DATABUS"
Info (12128): Elaborating entity "ext_db_mux" for hierarchy "datapath:DATAPATH|ext_db_mux:EXT_DATABUS"
Info (12128): Elaborating entity "mult" for hierarchy "datapath:DATAPATH|mult:MULT"
Info (12128): Elaborating entity "tristate" for hierarchy "datapath:DATAPATH|tristate:A_TRI"
Info (12128): Elaborating entity "mux3_1" for hierarchy "datapath:DATAPATH|mux3_1:PC_MUX"
Info (12128): Elaborating entity "counter" for hierarchy "datapath:DATAPATH|counter:PC_COUNTER"
Info (12128): Elaborating entity "add8to16" for hierarchy "datapath:DATAPATH|add8to16:X_ADDER"
Info (12128): Elaborating entity "ALU" for hierarchy "datapath:DATAPATH|ALU:ALU_COMPONENT"
Info (12128): Elaborating entity "mux4_1" for hierarchy "datapath:DATAPATH|mux4_1:ADDR_COMPONENT"
Info (12128): Elaborating entity "reg" for hierarchy "datapath:DATAPATH|reg:C_REG"
Info (12128): Elaborating entity "decoder" for hierarchy "decoder:DECODER"
Info (12128): Elaborating entity "ram0" for hierarchy "ram0:RAM0"
Info (12128): Elaborating entity "altsyncram" for hierarchy "ram0:RAM0|altsyncram:altsyncram_component"
Info (12130): Elaborated megafunction instantiation "ram0:RAM0|altsyncram:altsyncram_component"
Info (12133): Instantiated megafunction "ram0:RAM0|altsyncram:altsyncram_component" with the following parameter:
    Info (12134): Parameter "address_aclr_a" = "UNUSED"
    Info (12134): Parameter "address_aclr_b" = "NONE"
    Info (12134): Parameter "address_reg_b" = "CLOCK1"
    Info (12134): Parameter "byte_size" = "8"
    Info (12134): Parameter "byteena_aclr_a" = "UNUSED"
    Info (12134): Parameter "byteena_aclr_b" = "NONE"
    Info (12134): Parameter "byteena_reg_b" = "CLOCK1"
    Info (12134): Parameter "clock_enable_core_a" = "USE_INPUT_CLKEN"
    Info (12134): Parameter "clock_enable_core_b" = "USE_INPUT_CLKEN"
    Info (12134): Parameter "clock_enable_input_a" = "BYPASS"
    Info (12134): Parameter "clock_enable_input_b" = "NORMAL"
    Info (12134): Parameter "clock_enable_output_a" = "BYPASS"
    Info (12134): Parameter "clock_enable_output_b" = "NORMAL"
    Info (12134): Parameter "intended_device_family" = "Cyclone III"
    Info (12134): Parameter "ecc_pipeline_stage_enabled" = "FALSE"
    Info (12134): Parameter "enable_ecc" = "FALSE"
    Info (12134): Parameter "implement_in_les" = "OFF"
    Info (12134): Parameter "indata_aclr_a" = "UNUSED"
    Info (12134): Parameter "indata_aclr_b" = "NONE"
    Info (12134): Parameter "indata_reg_b" = "CLOCK1"
    Info (12134): Parameter "init_file" = "TestCaseA.mif"
    Info (12134): Parameter "init_file_layout" = "PORT_A"
    Info (12134): Parameter "maximum_depth" = "0"
    Info (12134): Parameter "numwords_a" = "256"
    Info (12134): Parameter "numwords_b" = "0"
    Info (12134): Parameter "operation_mode" = "SINGLE_PORT"
    Info (12134): Parameter "outdata_aclr_a" = "NONE"
    Info (12134): Parameter "outdata_aclr_b" = "NONE"
    Info (12134): Parameter "outdata_reg_a" = "CLOCK0"
    Info (12134): Parameter "outdata_reg_b" = "UNREGISTERED"
    Info (12134): Parameter "power_up_uninitialized" = "FALSE"
    Info (12134): Parameter "ram_block_type" = "AUTO"
    Info (12134): Parameter "rdcontrol_aclr_b" = "NONE"
    Info (12134): Parameter "rdcontrol_reg_b" = "CLOCK1"
    Info (12134): Parameter "read_during_write_mode_mixed_ports" = "DONT_CARE"
    Info (12134): Parameter "read_during_write_mode_port_a" = "NEW_DATA_NO_NBE_READ"
    Info (12134): Parameter "read_during_write_mode_port_b" = "NEW_DATA_NO_NBE_READ"
    Info (12134): Parameter "stratixiv_m144k_allow_dual_clocks" = "ON"
    Info (12134): Parameter "width_a" = "8"
    Info (12134): Parameter "width_b" = "1"
    Info (12134): Parameter "width_byteena_a" = "1"
    Info (12134): Parameter "width_byteena_b" = "1"
    Info (12134): Parameter "width_eccstatus" = "3"
    Info (12134): Parameter "widthad_a" = "8"
    Info (12134): Parameter "widthad_b" = "1"
    Info (12134): Parameter "wrcontrol_aclr_a" = "UNUSED"
    Info (12134): Parameter "wrcontrol_aclr_b" = "NONE"
    Info (12134): Parameter "wrcontrol_wraddress_reg_b" = "CLOCK1"
    Info (12134): Parameter "lpm_hint" = "ENABLE_RUNTIME_MOD=YES,INSTANCE_NAME=RAM0"
    Info (12134): Parameter "lpm_type" = "altsyncram"
Info (12021): Found 1 design units, including 1 entities, in source file db/altsyncram_06u3.tdf
    Info (12023): Found entity 1: altsyncram_06u3
Info (12128): Elaborating entity "altsyncram_06u3" for hierarchy "ram0:RAM0|altsyncram:altsyncram_component|altsyncram_06u3:auto_generated"
Info (12021): Found 1 design units, including 1 entities, in source file db/altsyncram_1jr2.tdf
    Info (12023): Found entity 1: altsyncram_1jr2
Info (12128): Elaborating entity "altsyncram_1jr2" for hierarchy "ram0:RAM0|altsyncram:altsyncram_component|altsyncram_06u3:auto_generated|altsyncram_1jr2:altsyncram1"
Info (12128): Elaborating entity "sld_mod_ram_rom" for hierarchy "ram0:RAM0|altsyncram:altsyncram_component|altsyncram_06u3:auto_generated|sld_mod_ram_rom:mgl_prim2"
Info (12130): Elaborated megafunction instantiation "ram0:RAM0|altsyncram:altsyncram_component|altsyncram_06u3:auto_generated|sld_mod_ram_rom:mgl_prim2"
Info (12133): Instantiated megafunction "ram0:RAM0|altsyncram:altsyncram_component|altsyncram_06u3:auto_generated|sld_mod_ram_rom:mgl_prim2" with the following parameter:
    Info (12134): Parameter "CVALUE" = "00000000"
    Info (12134): Parameter "IS_DATA_IN_RAM" = "1"
    Info (12134): Parameter "IS_READABLE" = "1"
    Info (12134): Parameter "NODE_NAME" = "1380011312"
    Info (12134): Parameter "NUMWORDS" = "256"
    Info (12134): Parameter "SHIFT_COUNT_BITS" = "4"
    Info (12134): Parameter "WIDTH_WORD" = "8"
    Info (12134): Parameter "WIDTHAD" = "8"
Info (12128): Elaborating entity "sld_rom_sr" for hierarchy "ram0:RAM0|altsyncram:altsyncram_component|altsyncram_06u3:auto_generated|sld_mod_ram_rom:mgl_prim2|sld_rom_sr:\ram_rom_logic_gen:name_gen:info_rom_sr"
Info (12128): Elaborating entity "decoder7seg" for hierarchy "decoder7seg:U_LED_LO0"
Warning (13024): Output pins are stuck at VCC or GND
    Warning (13410): Pin "led_hi1[0]" is stuck at GND
    Warning (13410): Pin "led_hi1[1]" is stuck at GND
    Warning (13410): Pin "led_hi1[2]" is stuck at GND
    Warning (13410): Pin "led_hi1[3]" is stuck at GND
    Warning (13410): Pin "led_hi1[4]" is stuck at GND
    Warning (13410): Pin "led_hi1[5]" is stuck at GND
    Warning (13410): Pin "led_hi1[6]" is stuck at VCC
    Warning (13410): Pin "led_lo1[0]" is stuck at GND
    Warning (13410): Pin "led_lo1[1]" is stuck at GND
    Warning (13410): Pin "led_lo1[2]" is stuck at GND
    Warning (13410): Pin "led_lo1[3]" is stuck at GND
    Warning (13410): Pin "led_lo1[4]" is stuck at GND
    Warning (13410): Pin "led_lo1[5]" is stuck at GND
    Warning (13410): Pin "led_lo1[6]" is stuck at VCC
Info (286031): Timing-Driven Synthesis is running on partition "Top"
Info (17049): 127 registers lost all their fanouts during netlist optimizations.
Info (16010): Generating hard_block partition "hard_block:auto_generated_inst"
    Info (16011): Adding 0 node(s), including 0 DDIO, 0 PLL, 0 transceiver and 0 LCELL
Warning (21074): Design contains 10 input pin(s) that do not drive logic
    Warning (15610): No output dependent on input pin "btns[0]"
    Warning (15610): No output dependent on input pin "btns[1]"
    Warning (15610): No output dependent on input pin "switches[0]"
    Warning (15610): No output dependent on input pin "switches[1]"
    Warning (15610): No output dependent on input pin "switches[2]"
    Warning (15610): No output dependent on input pin "switches[3]"
    Warning (15610): No output dependent on input pin "switches[4]"
    Warning (15610): No output dependent on input pin "switches[5]"
    Warning (15610): No output dependent on input pin "switches[6]"
    Warning (15610): No output dependent on input pin "switches[7]"
Info (21057): Implemented 315 device resources after synthesis - the final resource count might be different
    Info (21058): Implemented 15 input pins
    Info (21059): Implemented 29 output pins
    Info (21061): Implemented 262 logic cells
    Info (21064): Implemented 8 RAM segments
Info: Quartus II 64-Bit Analysis & Synthesis was successful. 0 errors, 27 warnings
    Info: Peak virtual memory: 554 megabytes
    Info: Processing ended: Tue Nov 29 19:35:11 2016
    Info: Elapsed time: 00:00:05
    Info: Total CPU time (on all processors): 00:00:04


